package org.seasar.ymir.extension.freemarker;

@org.seasar.ymir.constraint.Required("test")
public class HoePageBase
{
    protected String hoe_;


    public String getHoe()
    {
        return hoe_;
    }

    @org.seasar.ymir.annotation.SuppressConstraints({org.seasar.ymir.constraint.ConstraintType.VALIDATION,org.seasar.ymir.constraint.ConstraintType.PERMISSION})
    @org.seasar.ymir.constraint.Required("set")
    public void setHoe(String hoe)
    {
        hoe_ = hoe;
    }

    @org.seasar.ymir.constraint.Required("method")
    public void _get()
    {

    }
}
