package org.seasar.ymir.extension.freemarker;

import org.seasar.ymir.annotation.Meta;
import org.seasar.ymir.constraint.PermissionDeniedException;

public class Hoe5PageBase {
    public static final String PACKAGE = "org.seasar.ymir.extension.freemarker";

    public static final String NAME = "hoe5";

    @Meta(name = "source", value = {"throw ex;", "ex"})
    public void _permissionDenied(PermissionDeniedException ex)
        throws PermissionDeniedException {
        throw ex;
    }
}
