package com.example.converter;

import com.example.converter.ConverterBase;

import com.example.dto.HoeDto;
import com.example.dao.Hoe;
import java.util.List;

public class HoeConverterBase extends ConverterBase
{
    public HoeDto copyTo(HoeDto dto, Hoe<List> entity)
    {
        copyAaaTo(dto, entity);
        copyCccTo(dto, entity);
        copyEeeTo(dto, entity);

        return dto;
    }

    protected void copyAaaTo(HoeDto dto, Hoe<List> entity)
    {
        dto.setAaa(convert(entity.getAaa(), String.class));
    }

    protected void copyCccTo(HoeDto dto, Hoe<List> entity)
    {
        dto.setCcc(convert(entity.isCcc(), String.class));
    }

    protected void copyEeeTo(HoeDto dto, Hoe<List> entity)
    {
        dto.setEee(convert(entity.getEee(), String.class));
    }

    public Hoe<List> copyTo(Hoe<List> entity, HoeDto dto)
    {
        copyAaaTo(entity, dto);
        copyBbbTo(entity, dto);
        copyDddTo(entity, dto);

        return entity;
    }

    protected void copyAaaTo(Hoe<List> entity, HoeDto dto)
    {
        entity.setAaa(convert(dto.getAaa(), String.class));
    }

    protected void copyBbbTo(Hoe<List> entity, HoeDto dto)
    {
        entity.setBbb(convert(dto.isBbb(), String.class));
    }

    protected void copyDddTo(Hoe<List> entity, HoeDto dto)
    {
        entity.setDdd(convert(dto.getDdd(), String.class));
    }

}
