package org.seasar.ymir.extension.freemarker;

import org.seasar.ymir.constraint.annotation.Required;
import org.seasar.ymir.constraint.annotation.SuppressConstraints;

@Required("test")
public class HoePageBase {
    public static final String PACKAGE = "org.seasar.ymir.extension.freemarker";

    public static final String NAME = "hoe";

    public static final String A_get = "_get";

    public static final String P_hoe = "hoe";

    protected String hoe_;

    @Required("get")
    @SuppressConstraints
    public String getHoe() {
        return hoe_;
    }

    @Required("set")
    public void setHoe(String hoe) {
        hoe_ = hoe;
    }

    @Required("method")
    public void _get() {

    }
}
