package org.seasar.ymir.extension.freemarker;

import org.seasar.ymir.annotation.Meta;
import org.seasar.ymir.scope.annotation.RequestParameter;

public class Hoe12PageBase extends AbstractHoe12Page {
    public static final String PACKAGE = "org.seasar.ymir.extension.freemarker";

    public static final String NAME = "hoe12";

    @Meta(name = "formProperty", value = "hoe12Form")
    @RequestParameter
    public void setMessage(String message) {
        hoe12Form.setMessage(message);
    }

    public String getMessage() {
        return hoe12Form.getMessage();
    }
}
