package com.example.dto;

import java.io.Serializable;

@SuppressWarnings("unchecked")
public class TestDtoBase
    implements Serializable {
    private static final long serialVersionUID = 1L;

    protected boolean param1_;

    protected String param2_;

    protected Integer[] param4_ = new Integer[0];

    protected String param3_;


    public TestDtoBase() {
    }

    public TestDtoBase(boolean param1, String param2, String param3, Integer[] param4) {
        param1_ = param1;
        param2_ = param2;
        param3_ = param3;
        param4_ = param4;
    }

    @Override
    public String toString() {
        StringBuilder sb = new StringBuilder().append('(');
        append(sb.append("param1="), param1_).append(", ");
        append(sb.append("param2="), param2_).append(", ");
        append(sb.append("param4="), param4_).append(", ");
        append(sb.append("param3="), param3_);
        sb.append(')');
        return toString(sb);
    }

    protected StringBuilder append(StringBuilder sb, Object obj) {
        if (obj != null && obj.getClass().isArray()) {
            sb.append('{');
            int len = java.lang.reflect.Array.getLength(obj);
            String delim = "";
            for (int i = 0; i < len; i++) {
                sb.append(delim);
                delim = ", ";
                append(sb, java.lang.reflect.Array.get(obj, i));
            }
            sb.append('}');
        } else {
            sb.append(obj);
        }
        return sb;
    }

    protected String toString(StringBuilder sb) {
        return sb.toString();
    }

    public boolean isParam1() {
        return param1_;
    }

    public void setParam2(String param2) {
        param2_ = param2;
    }

    public Integer[] getParam4() {
        return param4_;
    }

    public void setParam4(Integer[] param4) {
        param4_ = param4;
    }

    public String getParam3() {
        return param3_;
    }

    public void setParam3(String param3) {
        param3_ = param3;
    }
}
