package org.seasar.ymir.extension.freemarker;

import org.seasar.ymir.render.Selector;
import org.seasar.ymir.render.html.Select;

public class Hoe9PageBase {
    public static final String PACKAGE = "org.seasar.ymir.extension.freemarker";

    public static final String NAME = "hoe9";

    public static final String P_fugaSelect = "fugaSelect";

    public static final String P_fugaSelect_value = "fugaSelect.value";

    public static final String P_hoeSelector = "hoeSelector";

    public static final String P_hoeSelector_selectedValues = "hoeSelector.selectedValues";

    protected Select fugaSelect_;

    protected Selector hoeSelector_;

    public Select getFugaSelect() {
        return fugaSelect_;
    }

    public void setFugaSelect(Select fugaSelect) {
        fugaSelect_ = fugaSelect;
    }

    public Selector getHoeSelector() {
        return hoeSelector_;
    }

    public void setHoeSelector(Selector hoeSelector) {
        hoeSelector_ = hoeSelector;
    }
}
