package com.example.page;

import org.seasar.ymir.Response;
import org.seasar.ymir.annotation.Meta;
import org.seasar.ymir.response.PassthroughResponse;

public class TestPageBase extends TestPageBaseBase {
    public static final String PACKAGE = "com.example.page";

    public static final String NAME = "test";

    public static final String A_get = "_get";

    public static final String P_param1 = "param1";

    public static final String P_param2 = "param2";

    public static final String P_param4 = "param4";

    public static final String P_param3 = "param3";

    protected boolean param1_;

    protected String param2_;

    protected Integer[] param4_ = new Integer[0];

    protected String param3_;

    public boolean isParam1() {
        return param1_;
    }

    public void setParam2(String param2) {
        param2_ = param2;
    }

    public Integer[] getParam4() {
        return param4_;
    }

    public void setParam4(Integer[] param4) {
        param4_ = param4;
    }

    public String getParam3() {
        return param3_;
    }

    public void setParam3(String param3) {
        param3_ = param3;
    }

    @Meta(name = "source", value = "return new PassthroughResponse();", classValue = PassthroughResponse.class)
    public Response _get() {
        return new PassthroughResponse();
    }
}
